// Jest Snapshot v1, https://goo.gl/fbAQLP

exports[`PegasysV3Pool gas tests fee is off #burn above current price burn entire position after some time passes 1`] = `324120`;

exports[`PegasysV3Pool gas tests fee is off #burn above current price burn when only position using ticks 1`] = `324120`;

exports[`PegasysV3Pool gas tests fee is off #burn above current price entire position burn but other positions are using the ticks 1`] = `312924`;

exports[`PegasysV3Pool gas tests fee is off #burn above current price partial position burn 1`] = `319553`;

exports[`PegasysV3Pool gas tests fee is off #burn around current price burn entire position after some time passes 1`] = `427934`;

exports[`PegasysV3Pool gas tests fee is off #burn around current price burn when only position using ticks 1`] = `370238`;

exports[`PegasysV3Pool gas tests fee is off #burn around current price entire position burn but other positions are using the ticks 1`] = `341201`;

exports[`PegasysV3Pool gas tests fee is off #burn around current price partial position burn 1`] = `347831`;

exports[`PegasysV3Pool gas tests fee is off #burn below current price burn entire position after some time passes 1`] = `353919`;

exports[`PegasysV3Pool gas tests fee is off #burn below current price burn when only position using ticks 1`] = `353919`;

exports[`PegasysV3Pool gas tests fee is off #burn below current price entire position burn but other positions are using the ticks 1`] = `326148`;

exports[`PegasysV3Pool gas tests fee is off #burn below current price partial position burn 1`] = `332778`;

exports[`PegasysV3Pool gas tests fee is off #collect close to worst case 1`] = `207221`;

exports[`PegasysV3Pool gas tests fee is off #increaseObservationCardinalityNext grow by 1 slot 1`] = `222111`;

exports[`PegasysV3Pool gas tests fee is off #increaseObservationCardinalityNext no op 1`] = `160311`;

exports[`PegasysV3Pool gas tests fee is off #mint above current price add to position after some time passes 1`] = `358248`;

exports[`PegasysV3Pool gas tests fee is off #mint above current price add to position existing 1`] = `358248`;

exports[`PegasysV3Pool gas tests fee is off #mint above current price new position mint first in range 1`] = `587456`;

exports[`PegasysV3Pool gas tests fee is off #mint above current price second position in same range 1`] = `381452`;

exports[`PegasysV3Pool gas tests fee is off #mint around current price add to position after some time passes 1`] = `496070`;

exports[`PegasysV3Pool gas tests fee is off #mint around current price add to position existing 1`] = `438375`;

exports[`PegasysV3Pool gas tests fee is off #mint around current price new position mint first in range 1`] = `874707`;

exports[`PegasysV3Pool gas tests fee is off #mint around current price second position in same range 1`] = `461579`;

exports[`PegasysV3Pool gas tests fee is off #mint below current price add to position after some time passes 1`] = `358230`;

exports[`PegasysV3Pool gas tests fee is off #mint below current price add to position existing 1`] = `358230`;

exports[`PegasysV3Pool gas tests fee is off #mint below current price new position mint first in range 1`] = `786804`;

exports[`PegasysV3Pool gas tests fee is off #mint below current price second position in same range 1`] = `381434`;

exports[`PegasysV3Pool gas tests fee is off #poke best case 1`] = `193219`;

exports[`PegasysV3Pool gas tests fee is off #snapshotCumulativesInside tick above 1`] = `214750`;

exports[`PegasysV3Pool gas tests fee is off #snapshotCumulativesInside tick below 1`] = `214750`;

exports[`PegasysV3Pool gas tests fee is off #snapshotCumulativesInside tick inside 1`] = `223478`;

exports[`PegasysV3Pool gas tests fee is off #swapExact0For1 first swap in block moves tick, no initialized crossings 1`] = `388659`;

exports[`PegasysV3Pool gas tests fee is off #swapExact0For1 first swap in block with no tick movement 1`] = `303755`;

exports[`PegasysV3Pool gas tests fee is off #swapExact0For1 first swap in block, large swap crossing a single initialized tick 1`] = `494404`;

exports[`PegasysV3Pool gas tests fee is off #swapExact0For1 first swap in block, large swap crossing several initialized ticks 1`] = `717844`;

exports[`PegasysV3Pool gas tests fee is off #swapExact0For1 first swap in block, large swap, no initialized crossings 1`] = `419134`;

exports[`PegasysV3Pool gas tests fee is off #swapExact0For1 large swap crossing several initialized ticks after some time passes 1`] = `717844`;

exports[`PegasysV3Pool gas tests fee is off #swapExact0For1 large swap crossing several initialized ticks second time after some time passes 1`] = `764252`;

exports[`PegasysV3Pool gas tests fee is off #swapExact0For1 second swap in block moves tick, no initialized crossings 1`] = `388659`;

exports[`PegasysV3Pool gas tests fee is off #swapExact0For1 second swap in block with no tick movement 1`] = `303951`;

exports[`PegasysV3Pool gas tests fee is off #swapExact0For1 second swap in block, large swap crossing a single initialized tick 1`] = `445648`;

exports[`PegasysV3Pool gas tests fee is off #swapExact0For1 second swap in block, large swap crossing several initialized ticks 1`] = `669088`;

exports[`PegasysV3Pool gas tests fee is on #burn above current price burn entire position after some time passes 1`] = `324120`;

exports[`PegasysV3Pool gas tests fee is on #burn above current price burn when only position using ticks 1`] = `324120`;

exports[`PegasysV3Pool gas tests fee is on #burn above current price entire position burn but other positions are using the ticks 1`] = `312924`;

exports[`PegasysV3Pool gas tests fee is on #burn above current price partial position burn 1`] = `319553`;

exports[`PegasysV3Pool gas tests fee is on #burn around current price burn entire position after some time passes 1`] = `427934`;

exports[`PegasysV3Pool gas tests fee is on #burn around current price burn when only position using ticks 1`] = `370238`;

exports[`PegasysV3Pool gas tests fee is on #burn around current price entire position burn but other positions are using the ticks 1`] = `341201`;

exports[`PegasysV3Pool gas tests fee is on #burn around current price partial position burn 1`] = `347831`;

exports[`PegasysV3Pool gas tests fee is on #burn below current price burn entire position after some time passes 1`] = `353919`;

exports[`PegasysV3Pool gas tests fee is on #burn below current price burn when only position using ticks 1`] = `353919`;

exports[`PegasysV3Pool gas tests fee is on #burn below current price entire position burn but other positions are using the ticks 1`] = `326148`;

exports[`PegasysV3Pool gas tests fee is on #burn below current price partial position burn 1`] = `332778`;

exports[`PegasysV3Pool gas tests fee is on #collect close to worst case 1`] = `207221`;

exports[`PegasysV3Pool gas tests fee is on #increaseObservationCardinalityNext grow by 1 slot 1`] = `222111`;

exports[`PegasysV3Pool gas tests fee is on #increaseObservationCardinalityNext no op 1`] = `160311`;

exports[`PegasysV3Pool gas tests fee is on #mint above current price add to position after some time passes 1`] = `358248`;

exports[`PegasysV3Pool gas tests fee is on #mint above current price add to position existing 1`] = `358248`;

exports[`PegasysV3Pool gas tests fee is on #mint above current price new position mint first in range 1`] = `587456`;

exports[`PegasysV3Pool gas tests fee is on #mint above current price second position in same range 1`] = `381452`;

exports[`PegasysV3Pool gas tests fee is on #mint around current price add to position after some time passes 1`] = `496070`;

exports[`PegasysV3Pool gas tests fee is on #mint around current price add to position existing 1`] = `438375`;

exports[`PegasysV3Pool gas tests fee is on #mint around current price new position mint first in range 1`] = `874707`;

exports[`PegasysV3Pool gas tests fee is on #mint around current price second position in same range 1`] = `461579`;

exports[`PegasysV3Pool gas tests fee is on #mint below current price add to position after some time passes 1`] = `358230`;

exports[`PegasysV3Pool gas tests fee is on #mint below current price add to position existing 1`] = `358230`;

exports[`PegasysV3Pool gas tests fee is on #mint below current price new position mint first in range 1`] = `786804`;

exports[`PegasysV3Pool gas tests fee is on #mint below current price second position in same range 1`] = `381434`;

exports[`PegasysV3Pool gas tests fee is on #poke best case 1`] = `193219`;

exports[`PegasysV3Pool gas tests fee is on #snapshotCumulativesInside tick above 1`] = `214750`;

exports[`PegasysV3Pool gas tests fee is on #snapshotCumulativesInside tick below 1`] = `214750`;

exports[`PegasysV3Pool gas tests fee is on #snapshotCumulativesInside tick inside 1`] = `223478`;

exports[`PegasysV3Pool gas tests fee is on #swapExact0For1 first swap in block moves tick, no initialized crossings 1`] = `402641`;

exports[`PegasysV3Pool gas tests fee is on #swapExact0For1 first swap in block with no tick movement 1`] = `314458`;

exports[`PegasysV3Pool gas tests fee is on #swapExact0For1 first swap in block, large swap crossing a single initialized tick 1`] = `509285`;

exports[`PegasysV3Pool gas tests fee is on #swapExact0For1 first swap in block, large swap crossing several initialized ticks 1`] = `732935`;

exports[`PegasysV3Pool gas tests fee is on #swapExact0For1 first swap in block, large swap, no initialized crossings 1`] = `434913`;

exports[`PegasysV3Pool gas tests fee is on #swapExact0For1 large swap crossing several initialized ticks after some time passes 1`] = `732935`;

exports[`PegasysV3Pool gas tests fee is on #swapExact0For1 large swap crossing several initialized ticks second time after some time passes 1`] = `778514`;

exports[`PegasysV3Pool gas tests fee is on #swapExact0For1 second swap in block moves tick, no initialized crossings 1`] = `402641`;

exports[`PegasysV3Pool gas tests fee is on #swapExact0For1 second swap in block with no tick movement 1`] = `314548`;

exports[`PegasysV3Pool gas tests fee is on #swapExact0For1 second swap in block, large swap crossing a single initialized tick 1`] = `460459`;

exports[`PegasysV3Pool gas tests fee is on #swapExact0For1 second swap in block, large swap crossing several initialized ticks 1`] = `684109`;
