// Jest Snapshot v1, https://goo.gl/fbAQLP

exports[`PegasysV3Pool gas tests fee is off #burn above current price burn entire position after some time passes 1`] = `2707123`;

exports[`PegasysV3Pool gas tests fee is off #burn above current price burn when only position using ticks 1`] = `2707123`;

exports[`PegasysV3Pool gas tests fee is off #burn above current price entire position burn but other positions are using the ticks 1`] = `1703151`;

exports[`PegasysV3Pool gas tests fee is off #burn above current price partial position burn 1`] = `1703151`;

exports[`PegasysV3Pool gas tests fee is off #burn around current price burn entire position after some time passes 1`] = `3644374`;

exports[`PegasysV3Pool gas tests fee is off #burn around current price burn when only position using ticks 1`] = `3307907`;

exports[`PegasysV3Pool gas tests fee is off #burn around current price entire position burn but other positions are using the ticks 1`] = `1907348`;

exports[`PegasysV3Pool gas tests fee is off #burn around current price partial position burn 1`] = `1907348`;

exports[`PegasysV3Pool gas tests fee is off #burn below current price burn entire position after some time passes 1`] = `3113706`;

exports[`PegasysV3Pool gas tests fee is off #burn below current price burn when only position using ticks 1`] = `3113706`;

exports[`PegasysV3Pool gas tests fee is off #burn below current price entire position burn but other positions are using the ticks 1`] = `1703116`;

exports[`PegasysV3Pool gas tests fee is off #burn below current price partial position burn 1`] = `1703116`;

exports[`PegasysV3Pool gas tests fee is off #collect close to worst case 1`] = `1242514`;

exports[`PegasysV3Pool gas tests fee is off #increaseObservationCardinalityNext grow by 1 slot 1`] = `1090906`;

exports[`PegasysV3Pool gas tests fee is off #increaseObservationCardinalityNext no op 1`] = `639652`;

exports[`PegasysV3Pool gas tests fee is off #mint above current price add to position after some time passes 1`] = `2035491`;

exports[`PegasysV3Pool gas tests fee is off #mint above current price add to position existing 1`] = `2035491`;

exports[`PegasysV3Pool gas tests fee is off #mint above current price new position mint first in range 1`] = `3415465`;

exports[`PegasysV3Pool gas tests fee is off #mint above current price second position in same range 1`] = `2221891`;

exports[`PegasysV3Pool gas tests fee is off #mint around current price add to position after some time passes 1`] = `3205114`;

exports[`PegasysV3Pool gas tests fee is off #mint around current price add to position existing 1`] = `2867810`;

exports[`PegasysV3Pool gas tests fee is off #mint around current price new position mint first in range 1`] = `5531496`;

exports[`PegasysV3Pool gas tests fee is off #mint around current price second position in same range 1`] = `3054210`;

exports[`PegasysV3Pool gas tests fee is off #mint below current price add to position after some time passes 1`] = `2035473`;

exports[`PegasysV3Pool gas tests fee is off #mint below current price add to position existing 1`] = `2035473`;

exports[`PegasysV3Pool gas tests fee is off #mint below current price new position mint first in range 1`] = `4687328`;

exports[`PegasysV3Pool gas tests fee is off #mint below current price second position in same range 1`] = `2221873`;

exports[`PegasysV3Pool gas tests fee is off #poke best case 1`] = `770364`;

exports[`PegasysV3Pool gas tests fee is off #snapshotCumulativesInside tick above 1`] = `840953`;

exports[`PegasysV3Pool gas tests fee is off #snapshotCumulativesInside tick below 1`] = `840953`;

exports[`PegasysV3Pool gas tests fee is off #snapshotCumulativesInside tick inside 1`] = `842541`;

exports[`PegasysV3Pool gas tests fee is off #swapExact0For1 first swap in block moves tick, no initialized crossings 1`] = `2261364`;

exports[`PegasysV3Pool gas tests fee is off #swapExact0For1 first swap in block with no tick movement 1`] = `2046845`;

exports[`PegasysV3Pool gas tests fee is off #swapExact0For1 first swap in block, large swap crossing a single initialized tick 1`] = `3076082`;

exports[`PegasysV3Pool gas tests fee is off #swapExact0For1 first swap in block, large swap crossing several initialized ticks 1`] = `4716826`;

exports[`PegasysV3Pool gas tests fee is off #swapExact0For1 first swap in block, large swap, no initialized crossings 1`] = `2288580`;

exports[`PegasysV3Pool gas tests fee is off #swapExact0For1 large swap crossing several initialized ticks after some time passes 1`] = `4716826`;

exports[`PegasysV3Pool gas tests fee is off #swapExact0For1 large swap crossing several initialized ticks second time after some time passes 1`] = `4716826`;

exports[`PegasysV3Pool gas tests fee is off #swapExact0For1 second swap in block moves tick, no initialized crossings 1`] = `2261364`;

exports[`PegasysV3Pool gas tests fee is off #swapExact0For1 second swap in block with no tick movement 1`] = `2046935`;

exports[`PegasysV3Pool gas tests fee is off #swapExact0For1 second swap in block, large swap crossing a single initialized tick 1`] = `2861314`;

exports[`PegasysV3Pool gas tests fee is off #swapExact0For1 second swap in block, large swap crossing several initialized ticks 1`] = `4502266`;

exports[`PegasysV3Pool gas tests fee is on #burn above current price burn entire position after some time passes 1`] = `2707123`;

exports[`PegasysV3Pool gas tests fee is on #burn above current price burn when only position using ticks 1`] = `2707123`;

exports[`PegasysV3Pool gas tests fee is on #burn above current price entire position burn but other positions are using the ticks 1`] = `1703151`;

exports[`PegasysV3Pool gas tests fee is on #burn above current price partial position burn 1`] = `1703151`;

exports[`PegasysV3Pool gas tests fee is on #burn around current price burn entire position after some time passes 1`] = `3644374`;

exports[`PegasysV3Pool gas tests fee is on #burn around current price burn when only position using ticks 1`] = `3307907`;

exports[`PegasysV3Pool gas tests fee is on #burn around current price entire position burn but other positions are using the ticks 1`] = `1907348`;

exports[`PegasysV3Pool gas tests fee is on #burn around current price partial position burn 1`] = `1907348`;

exports[`PegasysV3Pool gas tests fee is on #burn below current price burn entire position after some time passes 1`] = `3113706`;

exports[`PegasysV3Pool gas tests fee is on #burn below current price burn when only position using ticks 1`] = `3113706`;

exports[`PegasysV3Pool gas tests fee is on #burn below current price entire position burn but other positions are using the ticks 1`] = `1703116`;

exports[`PegasysV3Pool gas tests fee is on #burn below current price partial position burn 1`] = `1703116`;

exports[`PegasysV3Pool gas tests fee is on #collect close to worst case 1`] = `1242514`;

exports[`PegasysV3Pool gas tests fee is on #increaseObservationCardinalityNext grow by 1 slot 1`] = `1090906`;

exports[`PegasysV3Pool gas tests fee is on #increaseObservationCardinalityNext no op 1`] = `639652`;

exports[`PegasysV3Pool gas tests fee is on #mint above current price add to position after some time passes 1`] = `2035491`;

exports[`PegasysV3Pool gas tests fee is on #mint above current price add to position existing 1`] = `2035491`;

exports[`PegasysV3Pool gas tests fee is on #mint above current price new position mint first in range 1`] = `3415465`;

exports[`PegasysV3Pool gas tests fee is on #mint above current price second position in same range 1`] = `2221891`;

exports[`PegasysV3Pool gas tests fee is on #mint around current price add to position after some time passes 1`] = `3205114`;

exports[`PegasysV3Pool gas tests fee is on #mint around current price add to position existing 1`] = `2867810`;

exports[`PegasysV3Pool gas tests fee is on #mint around current price new position mint first in range 1`] = `5531496`;

exports[`PegasysV3Pool gas tests fee is on #mint around current price second position in same range 1`] = `3054210`;

exports[`PegasysV3Pool gas tests fee is on #mint below current price add to position after some time passes 1`] = `2035473`;

exports[`PegasysV3Pool gas tests fee is on #mint below current price add to position existing 1`] = `2035473`;

exports[`PegasysV3Pool gas tests fee is on #mint below current price new position mint first in range 1`] = `4687328`;

exports[`PegasysV3Pool gas tests fee is on #mint below current price second position in same range 1`] = `2221873`;

exports[`PegasysV3Pool gas tests fee is on #poke best case 1`] = `770364`;

exports[`PegasysV3Pool gas tests fee is on #snapshotCumulativesInside tick above 1`] = `840953`;

exports[`PegasysV3Pool gas tests fee is on #snapshotCumulativesInside tick below 1`] = `840953`;

exports[`PegasysV3Pool gas tests fee is on #snapshotCumulativesInside tick inside 1`] = `842541`;

exports[`PegasysV3Pool gas tests fee is on #swapExact0For1 first swap in block moves tick, no initialized crossings 1`] = `2460759`;

exports[`PegasysV3Pool gas tests fee is on #swapExact0For1 first swap in block with no tick movement 1`] = `2246170`;

exports[`PegasysV3Pool gas tests fee is on #swapExact0For1 first swap in block, large swap crossing a single initialized tick 1`] = `3275547`;

exports[`PegasysV3Pool gas tests fee is on #swapExact0For1 first swap in block, large swap crossing several initialized ticks 1`] = `4916709`;

exports[`PegasysV3Pool gas tests fee is on #swapExact0For1 first swap in block, large swap, no initialized crossings 1`] = `2488115`;

exports[`PegasysV3Pool gas tests fee is on #swapExact0For1 large swap crossing several initialized ticks after some time passes 1`] = `4916709`;

exports[`PegasysV3Pool gas tests fee is on #swapExact0For1 large swap crossing several initialized ticks second time after some time passes 1`] = `4916709`;

exports[`PegasysV3Pool gas tests fee is on #swapExact0For1 second swap in block moves tick, no initialized crossings 1`] = `2460759`;

exports[`PegasysV3Pool gas tests fee is on #swapExact0For1 second swap in block with no tick movement 1`] = `2246116`;

exports[`PegasysV3Pool gas tests fee is on #swapExact0For1 second swap in block, large swap crossing a single initialized tick 1`] = `3060709`;

exports[`PegasysV3Pool gas tests fee is on #swapExact0For1 second swap in block, large swap crossing several initialized ticks 1`] = `4701871`;
