// Jest Snapshot v1, https://goo.gl/fbAQLP

exports[`PegasysV3Factory #createPool gas 1`] = `4498131`;

exports[`PegasysV3Factory factory bytecode size 1`] = `8288`;

exports[`PegasysV3Factory pool bytecode size 1`] = `163360`;
